// Jest Snapshot v1, https://goo.gl/fbAQLP

exports[`MyComponent snapshot 1`] = `
<DocumentFragment>
  <div
    class=" tc bg-light-green dib br4 pa3 ma2 grow bw2 shadow-5"
  >
    <img
      alt="robots"
      src="https://robohash.org/undefined?200*200"
    />
    <div>
      <h2 />
      <p />
    </div>
  </div>
</DocumentFragment>
`;
