// Jest Snapshot v1, https://goo.gl/fbAQLP

exports[`renders without crashing 1`] = `
<DocumentFragment>
  <div
    class="tc"
  >
    <div>
      <h1
        class="f1"
      >
        RoboFriends
      </h1>
    </div>
    <div>
      <input
        class="pa3 ba b--green bg-lightest-blue"
        id="seachbox"
        placeholder="search robots"
        type="search"
      />
    </div>
    <div
      style="overflow: scroll; border: 5px solid black; height: 800px;"
    >
      <h1>
        Error occured while fetching robofriends
      </h1>
    </div>
  </div>
</DocumentFragment>
`;
